This is pdfTeX, Version 3.141592653-2.6-1.40.27 (MiKTeX 25.4) (preloaded format=pdflatex 2025.10.29)  30 JAN 2026 09:28
entering extended mode
 restricted \write18 enabled.
 file:line:error style messages enabled.
 %&-line parsing enabled.
**d:/MyCode/latex/MLReport/tmlr-style-file-main/main.tex
(d:/MyCode/latex/MLReport/tmlr-style-file-main/main.tex
LaTeX2e <2025-06-01> patch level 1
L3 programming layer <2025-10-09>
(C:\Users\dongz\AppData\Local\Programs\MiKTeX\tex/latex/base\article.cls
Document Class: article 2025/01/22 v1.4n Standard LaTeX document class
(C:\Users\dongz\AppData\Local\Programs\MiKTeX\tex/latex/base\size10.clo
File: size10.clo 2025/01/22 v1.4n Standard LaTeX file (size option)
)
\c@part=\count275
\c@section=\count276
\c@subsection=\count277
\c@subsubsection=\count278
\c@paragraph=\count279
\c@subparagraph=\count280
\c@figure=\count281
\c@table=\count282
\abovecaptionskip=\skip49
\belowcaptionskip=\skip50
\bibindent=\dimen148
) (tmlr.sty (C:\Users\dongz\AppData\Local\Programs\MiKTeX\tex/latex/eso-pic\eso-pic.sty
Package: eso-pic 2025/12/10 v3.0d eso-pic (RN)
\ESO@tempdima=\dimen149
\ESO@tempdimb=\dimen150
 (C:\Users\dongz\AppData\Local\Programs\MiKTeX\tex/latex/graphics\keyval.sty
Package: keyval 2022/05/29 v1.15 key=value parser (DPC)
\KV@toks@=\toks17
) (C:\Users\dongz\AppData\Local\Programs\MiKTeX\tex/latex/xcolor\xcolor.sty
Package: xcolor 2024/09/29 v3.02 LaTeX color extensions (UK)
 (C:\Users\dongz\AppData\Local\Programs\MiKTeX\tex/latex/graphics-cfg\color.cfg
File: color.cfg 2016/01/02 v1.6 sample color configuration
)
Package xcolor Info: Driver file: pdftex.def on input line 274.
 (C:\Users\dongz\AppData\Local\Programs\MiKTeX\tex/latex/graphics-def\pdftex.def
File: pdftex.def 2025/09/29 v1.2d Graphics/color driver for pdftex
) (C:\Users\dongz\AppData\Local\Programs\MiKTeX\tex/latex/graphics\mathcolor.ltx)
Package xcolor Info: Model `cmy' substituted by `cmy0' on input line 1349.
Package xcolor Info: Model `hsb' substituted by `rgb' on input line 1353.
Package xcolor Info: Model `RGB' extended on input line 1365.
Package xcolor Info: Model `HTML' substituted by `rgb' on input line 1367.
Package xcolor Info: Model `Hsb' substituted by `hsb' on input line 1368.
Package xcolor Info: Model `tHsb' substituted by `hsb' on input line 1369.
Package xcolor Info: Model `HSB' substituted by `hsb' on input line 1370.
Package xcolor Info: Model `Gray' substituted by `gray' on input line 1371.
Package xcolor Info: Model `wave' substituted by `hsb' on input line 1372.
)) (fancyhdr.sty
Package: fancyhdr 2021/01/28 v4.0.1 Extensive control of page headers and footers
\f@nch@headwidth=\skip51
\f@nch@O@elh=\skip52
\f@nch@O@erh=\skip53
\f@nch@O@olh=\skip54
\f@nch@O@orh=\skip55
\f@nch@O@elf=\skip56
\f@nch@O@erf=\skip57
\f@nch@O@olf=\skip58
\f@nch@O@orf=\skip59
) (C:\Users\dongz\AppData\Local\Programs\MiKTeX\tex/latex/natbib\natbib.sty
Package: natbib 2010/09/13 8.31b (PWD, AO)
\bibhang=\skip60
\bibsep=\skip61
LaTeX Info: Redefining \cite on input line 694.
\c@NAT@ctr=\count283
) (C:\Users\dongz\AppData\Local\Programs\MiKTeX\tex/latex/base\fontenc.sty
Package: fontenc 2024/12/21 v2.1c Standard LaTeX package
) (C:\Users\dongz\AppData\Local\Programs\MiKTeX\tex/latex/lm\lmodern.sty
Package: lmodern 2015/05/01 v1.6.1 Latin Modern Fonts
LaTeX Font Info:    Overwriting symbol font `operators' in version `normal'
(Font)                  OT1/cmr/m/n --> OT1/lmr/m/n on input line 22.
LaTeX Font Info:    Overwriting symbol font `letters' in version `normal'
(Font)                  OML/cmm/m/it --> OML/lmm/m/it on input line 23.
LaTeX Font Info:    Overwriting symbol font `symbols' in version `normal'
(Font)                  OMS/cmsy/m/n --> OMS/lmsy/m/n on input line 24.
LaTeX Font Info:    Overwriting symbol font `largesymbols' in version `normal'
(Font)                  OMX/cmex/m/n --> OMX/lmex/m/n on input line 25.
LaTeX Font Info:    Overwriting symbol font `operators' in version `bold'
(Font)                  OT1/cmr/bx/n --> OT1/lmr/bx/n on input line 26.
LaTeX Font Info:    Overwriting symbol font `letters' in version `bold'
(Font)                  OML/cmm/b/it --> OML/lmm/b/it on input line 27.
LaTeX Font Info:    Overwriting symbol font `symbols' in version `bold'
(Font)                  OMS/cmsy/b/n --> OMS/lmsy/b/n on input line 28.
LaTeX Font Info:    Overwriting symbol font `largesymbols' in version `bold'
(Font)                  OMX/cmex/m/n --> OMX/lmex/m/n on input line 29.
LaTeX Font Info:    Overwriting math alphabet `\mathbf' in version `normal'
(Font)                  OT1/cmr/bx/n --> OT1/lmr/bx/n on input line 31.
LaTeX Font Info:    Overwriting math alphabet `\mathsf' in version `normal'
(Font)                  OT1/cmss/m/n --> OT1/lmss/m/n on input line 32.
LaTeX Font Info:    Overwriting math alphabet `\mathit' in version `normal'
(Font)                  OT1/cmr/m/it --> OT1/lmr/m/it on input line 33.
LaTeX Font Info:    Overwriting math alphabet `\mathtt' in version `normal'
(Font)                  OT1/cmtt/m/n --> OT1/lmtt/m/n on input line 34.
LaTeX Font Info:    Overwriting math alphabet `\mathbf' in version `bold'
(Font)                  OT1/cmr/bx/n --> OT1/lmr/bx/n on input line 35.
LaTeX Font Info:    Overwriting math alphabet `\mathsf' in version `bold'
(Font)                  OT1/cmss/bx/n --> OT1/lmss/bx/n on input line 36.
LaTeX Font Info:    Overwriting math alphabet `\mathit' in version `bold'
(Font)                  OT1/cmr/bx/it --> OT1/lmr/bx/it on input line 37.
LaTeX Font Info:    Overwriting math alphabet `\mathtt' in version `bold'
(Font)                  OT1/cmtt/m/n --> OT1/lmtt/m/n on input line 38.
)
\aftertitskip=\skip62
\beforetitskip=\skip63
\interauthorskip=\skip64
\aftermaketitskip=\skip65
) (math_commands.tex (C:\Users\dongz\AppData\Local\Programs\MiKTeX\tex/latex/amsmath\amsmath.sty
Package: amsmath 2025/06/16 v2.17y AMS math features
\@mathmargin=\skip66

For additional information on amsmath, use the `?' option.
(C:\Users\dongz\AppData\Local\Programs\MiKTeX\tex/latex/amsmath\amstext.sty
Package: amstext 2024/11/17 v2.01 AMS text
 (C:\Users\dongz\AppData\Local\Programs\MiKTeX\tex/latex/amsmath\amsgen.sty
File: amsgen.sty 1999/11/30 v2.0 generic functions
\@emptytoks=\toks18
\ex@=\dimen151
)) (C:\Users\dongz\AppData\Local\Programs\MiKTeX\tex/latex/amsmath\amsbsy.sty
Package: amsbsy 1999/11/29 v1.2d Bold Symbols
\pmbraise@=\dimen152
) (C:\Users\dongz\AppData\Local\Programs\MiKTeX\tex/latex/amsmath\amsopn.sty
Package: amsopn 2022/04/08 v2.04 operator names
)
\inf@bad=\count284
LaTeX Info: Redefining \frac on input line 233.
\uproot@=\count285
\leftroot@=\count286
LaTeX Info: Redefining \overline on input line 398.
LaTeX Info: Redefining \colon on input line 409.
\classnum@=\count287
\DOTSCASE@=\count288
LaTeX Info: Redefining \ldots on input line 495.
LaTeX Info: Redefining \dots on input line 498.
LaTeX Info: Redefining \cdots on input line 619.
\Mathstrutbox@=\box53
\strutbox@=\box54
LaTeX Info: Redefining \big on input line 721.
LaTeX Info: Redefining \Big on input line 722.
LaTeX Info: Redefining \bigg on input line 723.
LaTeX Info: Redefining \Bigg on input line 724.
\big@size=\dimen153
LaTeX Font Info:    Redeclaring font encoding OML on input line 742.
LaTeX Font Info:    Redeclaring font encoding OMS on input line 743.
\macc@depth=\count289
LaTeX Info: Redefining \bmod on input line 904.
LaTeX Info: Redefining \pmod on input line 909.
LaTeX Info: Redefining \smash on input line 939.
LaTeX Info: Redefining \relbar on input line 969.
LaTeX Info: Redefining \Relbar on input line 970.
\c@MaxMatrixCols=\count290
\dotsspace@=\muskip17
\c@parentequation=\count291
\dspbrk@lvl=\count292
\tag@help=\toks19
\row@=\count293
\column@=\count294
\maxfields@=\count295
\andhelp@=\toks20
\eqnshift@=\dimen154
\alignsep@=\dimen155
\tagshift@=\dimen156
\tagwidth@=\dimen157
\totwidth@=\dimen158
\lineht@=\dimen159
\@envbody=\toks21
\multlinegap=\skip67
\multlinetaggap=\skip68
\mathdisplay@stack=\toks22
LaTeX Info: Redefining \[ on input line 2949.
LaTeX Info: Redefining \] on input line 2950.
) (C:\Users\dongz\AppData\Local\Programs\MiKTeX\tex/latex/amsfonts\amsfonts.sty
Package: amsfonts 2013/01/14 v3.01 Basic AMSFonts support
\symAMSa=\mathgroup4
\symAMSb=\mathgroup5
LaTeX Font Info:    Redeclaring math symbol \hbar on input line 98.
LaTeX Font Info:    Overwriting math alphabet `\mathfrak' in version `bold'
(Font)                  U/euf/m/n --> U/euf/b/n on input line 106.
) (C:\Users\dongz\AppData\Local\Programs\MiKTeX\tex/latex/tools\bm.sty
Package: bm 2023/12/19 v1.2f Bold Symbol Support (DPC/FMi)
\symboldoperators=\mathgroup6
\symboldletters=\mathgroup7
\symboldsymbols=\mathgroup8
Package bm Info: No bold for \OMX/lmex/m/n, using \pmb.
Package bm Info: No bold for \U/msa/m/n, using \pmb.
Package bm Info: No bold for \U/msb/m/n, using \pmb.
LaTeX Font Info:    Redeclaring math alphabet \mathbf on input line 149.
)
LaTeX Font Info:    Overwriting math alphabet `\mathsfit' in version `bold'
(Font)                  T1/lmss/m/sl --> T1/lmss/bx/n on input line 314.
) (C:\Users\dongz\AppData\Local\Programs\MiKTeX\tex/latex/hyperref\hyperref.sty
Package: hyperref 2025-07-12 v7.01o Hypertext links for LaTeX
 (C:\Users\dongz\AppData\Local\Programs\MiKTeX\tex/generic/iftex\iftex.sty
Package: iftex 2024/12/12 v1.0g TeX engine tests
) (C:\Users\dongz\AppData\Local\Programs\MiKTeX\tex/latex/kvsetkeys\kvsetkeys.sty
Package: kvsetkeys 2022-10-05 v1.19 Key value parser (HO)
) (C:\Users\dongz\AppData\Local\Programs\MiKTeX\tex/generic/kvdefinekeys\kvdefinekeys.sty
Package: kvdefinekeys 2019-12-19 v1.6 Define keys (HO)
) (C:\Users\dongz\AppData\Local\Programs\MiKTeX\tex/generic/pdfescape\pdfescape.sty
Package: pdfescape 2019/12/09 v1.15 Implements pdfTeX's escape features (HO)
 (C:\Users\dongz\AppData\Local\Programs\MiKTeX\tex/generic/ltxcmds\ltxcmds.sty
Package: ltxcmds 2023-12-04 v1.26 LaTeX kernel commands for general use (HO)
) (C:\Users\dongz\AppData\Local\Programs\MiKTeX\tex/generic/pdftexcmds\pdftexcmds.sty
Package: pdftexcmds 2020-06-27 v0.33 Utility functions of pdfTeX for LuaTeX (HO)
 (C:\Users\dongz\AppData\Local\Programs\MiKTeX\tex/generic/infwarerr\infwarerr.sty
Package: infwarerr 2019/12/03 v1.5 Providing info/warning/error messages (HO)
)
Package pdftexcmds Info: \pdf@primitive is available.
Package pdftexcmds Info: \pdf@ifprimitive is available.
Package pdftexcmds Info: \pdfdraftmode found.
)) (C:\Users\dongz\AppData\Local\Programs\MiKTeX\tex/latex/hycolor\hycolor.sty
Package: hycolor 2020-01-27 v1.10 Color options for hyperref/bookmark (HO)
) (C:\Users\dongz\AppData\Local\Programs\MiKTeX\tex/latex/hyperref\nameref.sty
Package: nameref 2025-06-21 v2.57 Cross-referencing by name of section
 (C:\Users\dongz\AppData\Local\Programs\MiKTeX\tex/latex/refcount\refcount.sty
Package: refcount 2019/12/15 v3.6 Data extraction from label references (HO)
) (C:\Users\dongz\AppData\Local\Programs\MiKTeX\tex/generic/gettitlestring\gettitlestring.sty
Package: gettitlestring 2019/12/15 v1.6 Cleanup title references (HO)
 (C:\Users\dongz\AppData\Local\Programs\MiKTeX\tex/latex/kvoptions\kvoptions.sty
Package: kvoptions 2022-06-15 v3.15 Key value format for package options (HO)
))
\c@section@level=\count296
) (C:\Users\dongz\AppData\Local\Programs\MiKTeX\tex/latex/etoolbox\etoolbox.sty
Package: etoolbox 2025/10/02 v2.5m e-TeX tools for LaTeX (JAW)
\etb@tempcnta=\count297
) (C:\Users\dongz\AppData\Local\Programs\MiKTeX\tex/generic/stringenc\stringenc.sty
Package: stringenc 2019/11/29 v1.12 Convert strings between diff. encodings (HO)
)
\@linkdim=\dimen160
\Hy@linkcounter=\count298
\Hy@pagecounter=\count299
 (C:\Users\dongz\AppData\Local\Programs\MiKTeX\tex/latex/hyperref\pd1enc.def
File: pd1enc.def 2025-07-12 v7.01o Hyperref: PDFDocEncoding definition (HO)
Now handling font encoding PD1 ...
... no UTF-8 mapping file for font encoding PD1
) (C:\Users\dongz\AppData\Local\Programs\MiKTeX\tex/generic/intcalc\intcalc.sty
Package: intcalc 2019/12/15 v1.3 Expandable calculations with integers (HO)
)
\Hy@SavedSpaceFactor=\count300
 (C:\Users\dongz\AppData\Local\Programs\MiKTeX\tex/latex/hyperref\puenc.def
File: puenc.def 2025-07-12 v7.01o Hyperref: PDF Unicode definition (HO)
Now handling font encoding PU ...
... no UTF-8 mapping file for font encoding PU
)
Package hyperref Info: Hyper figures OFF on input line 4195.
Package hyperref Info: Link nesting OFF on input line 4200.
Package hyperref Info: Hyper index ON on input line 4203.
Package hyperref Info: Plain pages OFF on input line 4210.
Package hyperref Info: Backreferencing OFF on input line 4215.
Package hyperref Info: Implicit mode ON; LaTeX internals redefined.
Package hyperref Info: Bookmarks ON on input line 4462.
\c@Hy@tempcnt=\count301
 (C:\Users\dongz\AppData\Local\Programs\MiKTeX\tex/latex/url\url.sty
\Urlmuskip=\muskip18
Package: url 2013/09/16  ver 3.4  Verb mode for urls, etc.
)
LaTeX Info: Redefining \url on input line 4801.
\XeTeXLinkMargin=\dimen161
 (C:\Users\dongz\AppData\Local\Programs\MiKTeX\tex/generic/bitset\bitset.sty
Package: bitset 2019/12/09 v1.3 Handle bit-vector datatype (HO)
 (C:\Users\dongz\AppData\Local\Programs\MiKTeX\tex/generic/bigintcalc\bigintcalc.sty
Package: bigintcalc 2019/12/15 v1.5 Expandable calculations on big integers (HO)
))
\Fld@menulength=\count302
\Field@Width=\dimen162
\Fld@charsize=\dimen163
Package hyperref Info: Hyper figures OFF on input line 6078.
Package hyperref Info: Link nesting OFF on input line 6083.
Package hyperref Info: Hyper index ON on input line 6086.
Package hyperref Info: backreferencing OFF on input line 6093.
Package hyperref Info: Link coloring OFF on input line 6098.
Package hyperref Info: Link coloring with OCG OFF on input line 6103.
Package hyperref Info: PDF/A mode OFF on input line 6108.
\Hy@abspage=\count303
\c@Item=\count304
\c@Hfootnote=\count305
)
Package hyperref Info: Driver (autodetected): hpdftex.
 (C:\Users\dongz\AppData\Local\Programs\MiKTeX\tex/latex/hyperref\hpdftex.def
File: hpdftex.def 2025-07-12 v7.01o Hyperref driver for pdfTeX
\Fld@listcount=\count306
\c@bookmark@seq@number=\count307
 (C:\Users\dongz\AppData\Local\Programs\MiKTeX\tex/latex/rerunfilecheck\rerunfilecheck.sty
Package: rerunfilecheck 2025-06-21 v1.11 Rerun checks for auxiliary files (HO)
 (C:\Users\dongz\AppData\Local\Programs\MiKTeX\tex/generic/uniquecounter\uniquecounter.sty
Package: uniquecounter 2019/12/15 v1.4 Provide unlimited unique counter (HO)
)
Package uniquecounter Info: New unique counter `rerunfilecheck' on input line 284.
)
\Hy@SectionHShift=\skip69
) (C:\Users\dongz\AppData\Local\Programs\MiKTeX\tex/latex/graphics\graphicx.sty
Package: graphicx 2024/12/31 v1.2e Enhanced LaTeX Graphics (DPC,SPQR)
 (C:\Users\dongz\AppData\Local\Programs\MiKTeX\tex/latex/graphics\graphics.sty
Package: graphics 2024/08/06 v1.4g Standard LaTeX Graphics (DPC,SPQR)
 (C:\Users\dongz\AppData\Local\Programs\MiKTeX\tex/latex/graphics\trig.sty
Package: trig 2023/12/02 v1.11 sin cos tan (DPC)
) (C:\Users\dongz\AppData\Local\Programs\MiKTeX\tex/latex/graphics-cfg\graphics.cfg
File: graphics.cfg 2016/06/04 v1.11 sample graphics configuration
)
Package graphics Info: Driver file: pdftex.def on input line 106.
)
\Gin@req@height=\dimen164
\Gin@req@width=\dimen165
) (C:\Users\dongz\AppData\Local\Programs\MiKTeX\tex/latex/float\float.sty
Package: float 2001/11/08 v1.3d Float enhancements (AL)
\c@float@type=\count308
\float@exts=\toks23
\float@box=\box55
\@float@everytoks=\toks24
\@floatcapt=\box56
) (C:\Users\dongz\AppData\Local\Programs\MiKTeX\tex/latex/listings\listings.sty
\lst@mode=\count309
\lst@gtempboxa=\box57
\lst@token=\toks25
\lst@length=\count310
\lst@currlwidth=\dimen166
\lst@column=\count311
\lst@pos=\count312
\lst@lostspace=\dimen167
\lst@width=\dimen168
\lst@newlines=\count313
\lst@lineno=\count314
\lst@maxwidth=\dimen169
 (C:\Users\dongz\AppData\Local\Programs\MiKTeX\tex/latex/listings\lstpatch.sty
File: lstpatch.sty 2024/09/23 1.10c (Carsten Heinz)
) (C:\Users\dongz\AppData\Local\Programs\MiKTeX\tex/latex/listings\lstmisc.sty
File: lstmisc.sty 2024/09/23 1.10c (Carsten Heinz)
\c@lstnumber=\count315
\lst@skipnumbers=\count316
\lst@framebox=\box58
) (C:\Users\dongz\AppData\Local\Programs\MiKTeX\tex/latex/listings\listings.cfg
File: listings.cfg 2024/09/23 1.10c listings configuration
))
Package: listings 2024/09/23 1.10c (Carsten Heinz)
 (C:\Users\dongz\AppData\Local\Programs\MiKTeX\tex/latex/caption\subcaption.sty
Package: subcaption 2023/07/28 v1.6b Sub-captions (AR)
 (C:\Users\dongz\AppData\Local\Programs\MiKTeX\tex/latex/caption\caption.sty
Package: caption 2023/08/05 v3.6o Customizing captions (AR)
 (C:\Users\dongz\AppData\Local\Programs\MiKTeX\tex/latex/caption\caption3.sty
Package: caption3 2023/07/31 v2.4d caption3 kernel (AR)
\caption@tempdima=\dimen170
\captionmargin=\dimen171
\caption@leftmargin=\dimen172
\caption@rightmargin=\dimen173
\caption@width=\dimen174
\caption@indent=\dimen175
\caption@parindent=\dimen176
\caption@hangindent=\dimen177
Package caption Info: Standard document class detected.
)
\c@caption@flags=\count317
\c@continuedfloat=\count318
Package caption Info: float package is loaded.
Package caption Info: hyperref package is loaded.
Package caption Info: listings package is loaded.
)
Package caption Info: New subtype `subfigure' on input line 238.
\c@subfigure=\count319
Package caption Info: New subtype `subtable' on input line 238.
\c@subtable=\count320
) (C:\Users\dongz\AppData\Local\Programs\MiKTeX\tex/latex/pdflscape\pdflscape.sty
Package: pdflscape 2022-10-27 v0.13 Display of landscape pages in PDF
 (C:\Users\dongz\AppData\Local\Programs\MiKTeX\tex/latex/pdflscape\pdflscape-nometadata.sty
Package: pdflscape-nometadata 2022-10-28 v0.13 Display of landscape pages in PDF (HO)
 (C:\Users\dongz\AppData\Local\Programs\MiKTeX\tex/latex/graphics\lscape.sty
Package: lscape 2020/05/28 v3.02 Landscape Pages (DPC)
)
Package pdflscape Info: Auto-detected driver: pdftex on input line 81.
))
LaTeX Font Info:    Trying to load font information for T1+lmr on input line 43.
 (C:\Users\dongz\AppData\Local\Programs\MiKTeX\tex/latex/lm\t1lmr.fd
File: t1lmr.fd 2015/05/01 v1.6.1 Font defs for Latin Modern
) (C:\Users\dongz\AppData\Local\Programs\MiKTeX\tex/latex/l3backend\l3backend-pdftex.def
File: l3backend-pdftex.def 2025-10-09 L3 backend support: PDF output (pdfTeX)
\l__color_backend_stack_int=\count321
) (main.aux)
\openout1 = `main.aux'.

LaTeX Font Info:    Checking defaults for OML/cmm/m/it on input line 43.
LaTeX Font Info:    ... okay on input line 43.
LaTeX Font Info:    Checking defaults for OMS/cmsy/m/n on input line 43.
LaTeX Font Info:    ... okay on input line 43.
LaTeX Font Info:    Checking defaults for OT1/cmr/m/n on input line 43.
LaTeX Font Info:    ... okay on input line 43.
LaTeX Font Info:    Checking defaults for T1/cmr/m/n on input line 43.
LaTeX Font Info:    ... okay on input line 43.
LaTeX Font Info:    Checking defaults for TS1/cmr/m/n on input line 43.
LaTeX Font Info:    ... okay on input line 43.
LaTeX Font Info:    Checking defaults for OMX/cmex/m/n on input line 43.
LaTeX Font Info:    ... okay on input line 43.
LaTeX Font Info:    Checking defaults for U/cmr/m/n on input line 43.
LaTeX Font Info:    ... okay on input line 43.
LaTeX Font Info:    Checking defaults for PD1/pdf/m/n on input line 43.
LaTeX Font Info:    ... okay on input line 43.
LaTeX Font Info:    Checking defaults for PU/pdf/m/n on input line 43.
LaTeX Font Info:    ... okay on input line 43.
 (C:\Users\dongz\AppData\Local\Programs\MiKTeX\tex/context/base/mkii\supp-pdf.mkii
[Loading MPS to PDF converter (version 2006.09.02).]
\scratchcounter=\count322
\scratchdimen=\dimen178
\scratchbox=\box59
\nofMPsegments=\count323
\nofMParguments=\count324
\everyMPshowfont=\toks26
\MPscratchCnt=\count325
\MPscratchDim=\dimen179
\MPnumerator=\count326
\makeMPintoPDFobject=\count327
\everyMPtoPDFconversion=\toks27
) (C:\Users\dongz\AppData\Local\Programs\MiKTeX\tex/latex/epstopdf-pkg\epstopdf-base.sty
Package: epstopdf-base 2020-01-24 v2.11 Base part for package epstopdf
Package epstopdf-base Info: Redefining graphics rule for `.eps' on input line 485.
 (C:\Users\dongz\AppData\Local\Programs\MiKTeX\tex/latex/00miktex\epstopdf-sys.cfg
File: epstopdf-sys.cfg 2021/03/18 v2.0 Configuration of epstopdf for MiKTeX
))
Package hyperref Info: Link coloring OFF on input line 43.
 (main.out) (main.out)
\@outlinefile=\write3
\openout3 = `main.out'.

\c@lstlisting=\count328
Package caption Info: Begin \AtBeginDocument code.
Package caption Info: End \AtBeginDocument code.
LaTeX Font Info:    Trying to load font information for T1+lmss on input line 47.
 (C:\Users\dongz\AppData\Local\Programs\MiKTeX\tex/latex/lm\t1lmss.fd
File: t1lmss.fd 2015/05/01 v1.6.1 Font defs for Latin Modern
)

Package natbib Warning: Citation `FRED API Terms of Use' on page 1 undefined on input line 60.


Package natbib Warning: Citation `FRED ALL API' on page 1 undefined on input line 63.


Package natbib Warning: Citation `FRED SERIES API' on page 1 undefined on input line 63.

LaTeX Font Info:    Trying to load font information for T1+lmtt on input line 64.
(C:\Users\dongz\AppData\Local\Programs\MiKTeX\tex/latex/lm\t1lmtt.fd
File: t1lmtt.fd 2015/05/01 v1.6.1 Font defs for Latin Modern
)
<figures/data_store.png, id=154, 1324.19719pt x 185.19188pt>
File: figures/data_store.png Graphic file (type png)
<use figures/data_store.png>
Package pdftex.def Info: figures/data_store.png  used on input line 91.
(pdftex.def)             Requested size: 469.75499pt x 65.6941pt.


[1

{C:/Users/dongz/AppData/Local/MiKTeX/fonts/map/pdftex/pdftex.map}{C:/Users/dongz/AppData/Local/Programs/MiKTeX/fonts/enc/dvips/lm/lm-ec.enc}]
LaTeX Font Info:    Trying to load font information for OT1+lmr on input line 118.
 (C:\Users\dongz\AppData\Local\Programs\MiKTeX\tex/latex/lm\ot1lmr.fd
File: ot1lmr.fd 2015/05/01 v1.6.1 Font defs for Latin Modern
)
LaTeX Font Info:    Trying to load font information for OML+lmm on input line 118.
 (C:\Users\dongz\AppData\Local\Programs\MiKTeX\tex/latex/lm\omllmm.fd
File: omllmm.fd 2015/05/01 v1.6.1 Font defs for Latin Modern
)
LaTeX Font Info:    Trying to load font information for OMS+lmsy on input line 118.
 (C:\Users\dongz\AppData\Local\Programs\MiKTeX\tex/latex/lm\omslmsy.fd
File: omslmsy.fd 2015/05/01 v1.6.1 Font defs for Latin Modern
)
LaTeX Font Info:    Trying to load font information for OMX+lmex on input line 118.
 (C:\Users\dongz\AppData\Local\Programs\MiKTeX\tex/latex/lm\omxlmex.fd
File: omxlmex.fd 2015/05/01 v1.6.1 Font defs for Latin Modern
)
LaTeX Font Info:    External font `lmex10' loaded for size
(Font)              <10> on input line 118.
LaTeX Font Info:    External font `lmex10' loaded for size
(Font)              <7> on input line 118.
LaTeX Font Info:    External font `lmex10' loaded for size
(Font)              <5> on input line 118.
LaTeX Font Info:    Trying to load font information for U+msa on input line 118.
 (C:\Users\dongz\AppData\Local\Programs\MiKTeX\tex/latex/amsfonts\umsa.fd
File: umsa.fd 2013/01/14 v3.01 AMS symbols A
)
LaTeX Font Info:    Trying to load font information for U+msb on input line 118.
 (C:\Users\dongz\AppData\Local\Programs\MiKTeX\tex/latex/amsfonts\umsb.fd
File: umsb.fd 2013/01/14 v3.01 AMS symbols B
)

[2{C:/Users/dongz/AppData/Local/Programs/MiKTeX/fonts/enc/dvips/lm/lm-mathsy.enc} <./figures/data_store.png>]

[3{C:/Users/dongz/AppData/Local/Programs/MiKTeX/fonts/enc/dvips/lm/lm-mathit.enc}{C:/Users/dongz/AppData/Local/Programs/MiKTeX/fonts/enc/dvips/lm/lm-rm.enc}{C:/Users/dongz/AppData/Local/Programs/MiKTeX/fonts/enc/dvips/lm/lm-mathex.enc}]

[4]
LaTeX Font Info:    Trying to load font information for TS1+lmr on input line 263.
 (C:\Users\dongz\AppData\Local\Programs\MiKTeX\tex/latex/lm\ts1lmr.fd
File: ts1lmr.fd 2015/05/01 v1.6.1 Font defs for Latin Modern
)

[5{C:/Users/dongz/AppData/Local/Programs/MiKTeX/fonts/enc/dvips/lm/lm-ts1.enc}]
<figures/training_curve1.png, id=213, 578.16pt x 361.35pt>
File: figures/training_curve1.png Graphic file (type png)
<use figures/training_curve1.png>
Package pdftex.def Info: figures/training_curve1.png  used on input line 344.
(pdftex.def)             Requested size: 89.2546pt x 55.78261pt.
<figures/training_curve2.png, id=214, 578.16pt x 361.35pt>
File: figures/training_curve2.png Graphic file (type png)
<use figures/training_curve2.png>
Package pdftex.def Info: figures/training_curve2.png  used on input line 350.
(pdftex.def)             Requested size: 89.2546pt x 55.78261pt.
<figures/training_curve3.png, id=215, 578.16pt x 361.35pt>
File: figures/training_curve3.png Graphic file (type png)
<use figures/training_curve3.png>
Package pdftex.def Info: figures/training_curve3.png  used on input line 356.
(pdftex.def)             Requested size: 89.2546pt x 55.78261pt.
<figures/training_curve4.png, id=216, 578.16pt x 361.35pt>
File: figures/training_curve4.png Graphic file (type png)
<use figures/training_curve4.png>
Package pdftex.def Info: figures/training_curve4.png  used on input line 362.
(pdftex.def)             Requested size: 89.2546pt x 55.78261pt.
<figures/training_curve5.png, id=217, 578.16pt x 361.35pt>
File: figures/training_curve5.png Graphic file (type png)
<use figures/training_curve5.png>
Package pdftex.def Info: figures/training_curve5.png  used on input line 368.
(pdftex.def)             Requested size: 89.2546pt x 55.78261pt.


[6 <./figures/training_curve1.png> <./figures/training_curve2.png> <./figures/training_curve3.png> <./figures/training_curve4.png> <./figures/training_curve5.png>]
<figures/acc.png, id=234, 722.7pt x 361.35pt>
File: figures/acc.png Graphic file (type png)
<use figures/acc.png>
Package pdftex.def Info: figures/acc.png  used on input line 401.
(pdftex.def)             Requested size: 150.32503pt x 75.16344pt.
<figures/MF1.png, id=235, 722.7pt x 361.35pt>
File: figures/MF1.png Graphic file (type png)
<use figures/MF1.png>
Package pdftex.def Info: figures/MF1.png  used on input line 408.
(pdftex.def)             Requested size: 150.32503pt x 75.16344pt.
<figures/DDR.png, id=236, 722.7pt x 361.35pt>
File: figures/DDR.png Graphic file (type png)
<use figures/DDR.png>
Package pdftex.def Info: figures/DDR.png  used on input line 415.
(pdftex.def)             Requested size: 150.32503pt x 75.16344pt.
<figures/Mseeds.png, id=239, 1445.4pt x 289.08pt>
File: figures/Mseeds.png Graphic file (type png)
<use figures/Mseeds.png>
Package pdftex.def Info: figures/Mseeds.png  used on input line 443.
(pdftex.def)             Requested size: 324.13208pt x 64.82405pt.
<figures/Mmajor.png, id=240, 361.35pt x 289.08pt>
File: figures/Mmajor.png Graphic file (type png)
<use figures/Mmajor.png>
Package pdftex.def Info: figures/Mmajor.png  used on input line 450.
(pdftex.def)             Requested size: 65.76541pt x 52.60999pt.

Underfull \hbox (badness 10000) in paragraph at lines 451--451
[]\T1/lmr/m/n/9 (b) |Ma-jor-ity
 []

<figures/MRandom.png, id=241, 361.35pt x 289.08pt>
File: figures/MRandom.png Graphic file (type png)
<use figures/MRandom.png>
Package pdftex.def Info: figures/MRandom.png  used on input line 457.
(pdftex.def)             Requested size: 65.76541pt x 52.60999pt.

Underfull \hbox (badness 10000) in paragraph at lines 458--458
[]\T1/lmr/m/n/9 (c) |Ran-dom
 []



[7 <./figures/acc.png> <./figures/MF1.png> <./figures/DDR.png> <./figures/Mseeds.png> <./figures/Mmajor.png> <./figures/MRandom.png>]
<figures/Training_curves_all_all_id_cl.png, id=258, 578.16pt x 361.35pt>
File: figures/Training_curves_all_all_id_cl.png Graphic file (type png)
<use figures/Training_curves_all_all_id_cl.png>
Package pdftex.def Info: figures/Training_curves_all_all_id_cl.png  used on input line 528.
(pdftex.def)             Requested size: 150.32503pt x 93.94878pt.
<figures/Training_curves_all_part_id_cl.png, id=259, 578.16pt x 361.35pt>
File: figures/Training_curves_all_part_id_cl.png Graphic file (type png)
<use figures/Training_curves_all_part_id_cl.png>
Package pdftex.def Info: figures/Training_curves_all_part_id_cl.png  used on input line 534.
(pdftex.def)             Requested size: 150.32503pt x 93.94878pt.
<figures/Training_curves_all_single_id_cl.png, id=260, 578.16pt x 361.35pt>
File: figures/Training_curves_all_single_id_cl.png Graphic file (type png)
<use figures/Training_curves_all_single_id_cl.png>
Package pdftex.def Info: figures/Training_curves_all_single_id_cl.png  used on input line 540.
(pdftex.def)             Requested size: 150.32503pt x 93.94878pt.


LaTeX Warning: `h' float specifier changed to `ht'.



[8]
<figures/Training_curves_all_all_id_re.png, id=268, 578.16pt x 361.35pt>
File: figures/Training_curves_all_all_id_re.png Graphic file (type png)
<use figures/Training_curves_all_all_id_re.png>
Package pdftex.def Info: figures/Training_curves_all_all_id_re.png  used on input line 573.
(pdftex.def)             Requested size: 150.32503pt x 93.94878pt.
<figures/Training_curves_all_part_id_re.png, id=269, 578.16pt x 361.35pt>
File: figures/Training_curves_all_part_id_re.png Graphic file (type png)
<use figures/Training_curves_all_part_id_re.png>
Package pdftex.def Info: figures/Training_curves_all_part_id_re.png  used on input line 580.
(pdftex.def)             Requested size: 150.32503pt x 93.94878pt.
<figures/Training_curves_all_single_id_re.png, id=270, 578.16pt x 361.35pt>
File: figures/Training_curves_all_single_id_re.png Graphic file (type png)
<use figures/Training_curves_all_single_id_re.png>
Package pdftex.def Info: figures/Training_curves_all_single_id_re.png  used on input line 587.
(pdftex.def)             Requested size: 150.32503pt x 93.94878pt.


[9 <./figures/Training_curves_all_all_id_cl.png> <./figures/Training_curves_all_part_id_cl.png> <./figures/Training_curves_all_single_id_cl.png> <./figures/Training_curves_all_all_id_re.png> <./figures/Training_curves_all_part_id_re.png> <./figures/Training_curves_all_single_id_re.png>]
Underfull \hbox (badness 1173) in paragraph at lines 636--636
\T1/lmr/m/n/10 sec-toral di-ver-gence that may pro-vide
 []


Underfull \hbox (badness 7433) in paragraph at lines 636--636
\T1/lmr/m/n/10 con-tex-tual sig-nals for SP500 price
 []


Underfull \hbox (badness 10000) in paragraph at lines 638--639
[]\T1/lmr/m/n/10 Volatility and sys-
 []


Underfull \hbox (badness 10000) in paragraph at lines 639--640
[]\T1/lmr/m/n/10 VIXCLS, TEDRATE,
 []


Underfull \hbox (badness 10000) in paragraph at lines 643--644
[]\T1/lmr/m/n/10 BAMLH0A0HYM2,
 []


Underfull \hbox (badness 10000) in paragraph at lines 643--644
\T1/lmr/m/n/10 BAMLC0A0CM,
 []


Underfull \hbox (badness 10000) in paragraph at lines 643--644
\T1/lmr/m/n/10 BAMLC0A1CAAA,
 []


Underfull \hbox (badness 10000) in paragraph at lines 646--647
[]\T1/lmr/m/n/10 Interest rates and
 []


Underfull \hbox (badness 5878) in paragraph at lines 647--648
[]\T1/lmr/m/n/10 GS3M, GS2, GS10, GS30,
 []


Underfull \hbox (badness 2726) in paragraph at lines 648--648
[]\T1/lmr/m/n/10 Encode mon-e-tary pol-icy stance and
 []


Underfull \hbox (badness 4242) in paragraph at lines 648--648
\T1/lmr/m/n/10 yield curve ex-pec-ta-tions that in-flu-
 []


Underfull \hbox (badness 10000) in paragraph at lines 651--652
[]\T1/lmr/m/n/10 CPIAUCSL, CPIL-FESL,
 []


Underfull \hbox (badness 1107) in paragraph at lines 654--655
[]\T1/lmr/m/n/10 Liquidity and mon-e-
 []


Underfull \hbox (badness 2111) in paragraph at lines 660--660
\T1/lmr/m/n/10 pac-ity, and earn-ings ex-pec-ta-tions of
 []


Underfull \hbox (badness 1221) in paragraph at lines 667--668
[]\T1/lmr/m/n/10 CSUSHPISA, HOUST, PER-
 []


Underfull \vbox (badness 10000) has occurred while \output is active []



[10]
Underfull \hbox (badness 1024) in paragraph at lines 696--696
\T1/lmr/m/n/10 that may in-flu-ence SP500 short-term
 []


Underfull \hbox (badness 10000) in paragraph at lines 698--699
[]\T1/lmr/m/n/10 Volatility and sys-
 []


Underfull \hbox (badness 10000) in paragraph at lines 703--704
[]\T1/lmr/m/n/10 BAMLH0A0HYM2,
 []


Underfull \vbox (badness 10000) has occurred while \output is active []



[11]
<figures/pca_target_relationship.png, id=295, 1156.32pt x 867.24pt>
File: figures/pca_target_relationship.png Graphic file (type png)
<use figures/pca_target_relationship.png>
Package pdftex.def Info: figures/pca_target_relationship.png  used on input line 718.
(pdftex.def)             Requested size: 469.75499pt x 352.31538pt.

Underfull \vbox (badness 10000) has occurred while \output is active []



[12]
File: figures/training_curve1.png Graphic file (type png)
<use figures/training_curve1.png>
Package pdftex.def Info: figures/training_curve1.png  used on input line 734.
(pdftex.def)             Requested size: 225.48038pt x 140.92041pt.
File: figures/training_curve2.png Graphic file (type png)
<use figures/training_curve2.png>
Package pdftex.def Info: figures/training_curve2.png  used on input line 740.
(pdftex.def)             Requested size: 225.48038pt x 140.92041pt.
File: figures/training_curve3.png Graphic file (type png)
<use figures/training_curve3.png>
Package pdftex.def Info: figures/training_curve3.png  used on input line 748.
(pdftex.def)             Requested size: 225.48038pt x 140.92041pt.
File: figures/training_curve4.png Graphic file (type png)
<use figures/training_curve4.png>
Package pdftex.def Info: figures/training_curve4.png  used on input line 754.
(pdftex.def)             Requested size: 225.48038pt x 140.92041pt.
File: figures/training_curve5.png Graphic file (type png)
<use figures/training_curve5.png>
Package pdftex.def Info: figures/training_curve5.png  used on input line 762.
(pdftex.def)             Requested size: 225.48038pt x 140.92041pt.

Underfull \vbox (badness 10000) has occurred while \output is active []



[13 <./figures/pca_target_relationship.png>]
File: figures/acc.png Graphic file (type png)
<use figures/acc.png>
Package pdftex.def Info: figures/acc.png  used on input line 775.
(pdftex.def)             Requested size: 469.75499pt x 234.88023pt.

Underfull \vbox (badness 10000) has occurred while \output is active []



[14]
File: figures/MF1.png Graphic file (type png)
<use figures/MF1.png>
Package pdftex.def Info: figures/MF1.png  used on input line 782.
(pdftex.def)             Requested size: 469.75499pt x 234.88023pt.
File: figures/DDR.png Graphic file (type png)
<use figures/DDR.png>
Package pdftex.def Info: figures/DDR.png  used on input line 789.
(pdftex.def)             Requested size: 469.75499pt x 234.88023pt.

Underfull \vbox (badness 10000) has occurred while \output is active []



[15]
File: figures/Mseeds.png Graphic file (type png)
<use figures/Mseeds.png>
Package pdftex.def Info: figures/Mseeds.png  used on input line 798.
(pdftex.def)             Requested size: 469.75499pt x 93.94987pt.
File: figures/Mmajor.png Graphic file (type png)
<use figures/Mmajor.png>
Package pdftex.def Info: figures/Mmajor.png  used on input line 805.
(pdftex.def)             Requested size: 469.75499pt x 375.80835pt.

Underfull \vbox (badness 10000) has occurred while \output is active []



[16]
File: figures/MRandom.png Graphic file (type png)
<use figures/MRandom.png>
Package pdftex.def Info: figures/MRandom.png  used on input line 812.
(pdftex.def)             Requested size: 469.75499pt x 375.80835pt.

Underfull \vbox (badness 10000) has occurred while \output is active []



[17]

Package natbib Warning: There were undefined citations.



[18] (main.aux)
 ***********
LaTeX2e <2025-06-01> patch level 1
L3 programming layer <2025-10-09>
 ***********
Package rerunfilecheck Info: File `main.out' has not changed.
(rerunfilecheck)             Checksum: 7E177D25665BC4FC795DD21356918498;7254.
 ) 
Here is how much of TeX's memory you used:
 14545 strings out of 468080
 226437 string characters out of 5425771
 642605 words of memory out of 5000000
 42911 multiletter control sequences out of 15000+600000
 699003 words of font info for 83 fonts, out of 8000000 for 9000
 1141 hyphenation exceptions out of 8191
 75i,12n,79p,669b,541s stack positions out of 10000i,1000n,20000p,200000b,200000s
<C:/Users/dongz/AppData/Local/Programs/MiKTeX/fonts/type1/public/lm/lmbx10.pfb><C:/Users/dongz/AppData/Local/Programs/MiKTeX/fonts/type1/public/lm/lmex10.pfb><C:/Users/dongz/AppData/Local/Programs/MiKTeX/fonts/type1/public/lm/lmmi10.pfb><C:/Users/dongz/AppData/Local/Programs/MiKTeX/fonts/type1/public/lm/lmmi5.pfb><C:/Users/dongz/AppData/Local/Programs/MiKTeX/fonts/type1/public/lm/lmmi7.pfb><C:/Users/dongz/AppData/Local/Programs/MiKTeX/fonts/type1/public/lm/lmr10.pfb><C:/Users/dongz/AppData/Local/Programs/MiKTeX/fonts/type1/public/lm/lmr7.pfb><C:/Users/dongz/AppData/Local/Programs/MiKTeX/fonts/type1/public/lm/lmr9.pfb><C:/Users/dongz/AppData/Local/Programs/MiKTeX/fonts/type1/public/lm/lmri10.pfb><C:/Users/dongz/AppData/Local/Programs/MiKTeX/fonts/type1/public/lm/lmri9.pfb><C:/Users/dongz/AppData/Local/Programs/MiKTeX/fonts/type1/public/lm/lmssbx10.pfb><C:/Users/dongz/AppData/Local/Programs/MiKTeX/fonts/type1/public/lm/lmsy10.pfb><C:/Users/dongz/AppData/Local/Programs/MiKTeX/fonts/type1/public/lm/lmsy7.pfb><C:/Users/dongz/AppData/Local/Programs/MiKTeX/fonts/type1/public/lm/lmtt10.pfb><C:/Users/dongz/AppData/Local/Programs/MiKTeX/fonts/type1/public/amsfonts/symbols/msbm10.pfb>
Output written on main.pdf (18 pages, 3203382 bytes).
PDF statistics:
 429 PDF objects out of 1000 (max. 8388607)
 84 named destinations out of 1000 (max. 500000)
 392 words of extra memory for PDF output out of 10000 (max. 10000000)

